2026-05-27T09:50:08.459+08:00  INFO 53896 --- [main] c.hcteol.jwt.backend.BackendApplication  : Starting BackendApplication using Java 21.0.8 with PID 53896 (C:\React\bmp\bmp_backend\target\classes started by sukasuka in C:\React\bmp\bmp_backend)
2026-05-27T09:50:08.469+08:00  INFO 53896 --- [main] c.hcteol.jwt.backend.BackendApplication  : No active profile set, falling back to 1 default profile: "default"
2026-05-27T09:50:11.036+08:00  INFO 53896 --- [main] .s.d.r.c.RepositoryConfigurationDelegate : Bootstrapping Spring Data JPA repositories in DEFAULT mode.
2026-05-27T09:50:11.644+08:00  INFO 53896 --- [main] .s.d.r.c.RepositoryConfigurationDelegate : Finished Spring Data repository scanning in 593 ms. Found 43 JPA repository interfaces.
2026-05-27T09:50:12.868+08:00  INFO 53896 --- [main] o.s.b.w.embedded.tomcat.TomcatWebServer  : Tomcat initialized with port 8080 (http)
2026-05-27T09:50:12.894+08:00  INFO 53896 --- [main] o.apache.catalina.core.StandardService   : Starting service [Tomcat]
2026-05-27T09:50:12.896+08:00  INFO 53896 --- [main] o.apache.catalina.core.StandardEngine    : Starting Servlet engine: [Apache Tomcat/10.1.42]
2026-05-27T09:50:13.031+08:00  INFO 53896 --- [main] o.a.c.c.C.[Tomcat].[localhost].[/]       : Initializing Spring embedded WebApplicationContext
2026-05-27T09:50:13.031+08:00  INFO 53896 --- [main] w.s.c.ServletWebServerApplicationContext : Root WebApplicationContext: initialization completed in 4482 ms
2026-05-27T09:50:13.327+08:00  INFO 53896 --- [main] o.hibernate.jpa.internal.util.LogHelper  : HHH000204: Processing PersistenceUnitInfo [name: default]
2026-05-27T09:50:13.454+08:00  INFO 53896 --- [main] org.hibernate.Version                    : HHH000412: Hibernate ORM core version 6.5.3.Final
2026-05-27T09:50:13.534+08:00  INFO 53896 --- [main] o.h.c.internal.RegionFactoryInitiator    : HHH000026: Second-level cache disabled
2026-05-27T09:50:14.298+08:00  INFO 53896 --- [main] o.s.o.j.p.SpringPersistenceUnitInfo      : No LoadTimeWeaver setup: ignoring JPA class transformer
2026-05-27T09:50:14.387+08:00  INFO 53896 --- [main] com.zaxxer.hikari.HikariDataSource       : HikariPool-1 - Starting...
2026-05-27T09:50:14.776+08:00  INFO 53896 --- [main] com.zaxxer.hikari.pool.HikariPool        : HikariPool-1 - Added connection org.postgresql.jdbc.PgConnection@77a2688d
2026-05-27T09:50:14.778+08:00  INFO 53896 --- [main] com.zaxxer.hikari.HikariDataSource       : HikariPool-1 - Start completed.
2026-05-27T09:50:14.863+08:00  WARN 53896 --- [main] org.hibernate.orm.deprecation            : HHH90000025: PostgreSQLDialect does not need to be specified explicitly using 'hibernate.dialect' (remove the property setting and it will be selected by default)
2026-05-27T09:50:17.600+08:00  INFO 53896 --- [main] o.h.e.t.j.p.i.JtaPlatformInitiator       : HHH000489: No JTA platform available (set 'hibernate.transaction.jta.platform' to enable JTA platform integration)
2026-05-27T09:50:17.762+08:00  INFO 53896 --- [main] j.LocalContainerEntityManagerFactoryBean : Initialized JPA EntityManagerFactory for persistence unit 'default'
2026-05-27T09:50:18.584+08:00  INFO 53896 --- [main] o.s.d.j.r.query.QueryEnhancerFactory     : Hibernate is in classpath; If applicable, HQL parser will be used.
2026-05-27T09:50:20.320+08:00  WARN 53896 --- [main] JpaBaseConfiguration$JpaWebConfiguration : spring.jpa.open-in-view is enabled by default. Therefore, database queries may be performed during view rendering. Explicitly configure spring.jpa.open-in-view to disable this warning
2026-05-27T09:50:20.352+08:00  WARN 53896 --- [main] .s.s.UserDetailsServiceAutoConfiguration : 

Using generated security password: ee1e7f67-8fbb-4919-94dd-83c623789f5e

This generated password is for development use only. Your security configuration must be updated before running your application in production.

2026-05-27T09:50:20.369+08:00  INFO 53896 --- [main] r$InitializeUserDetailsManagerConfigurer : Global AuthenticationManager configured with UserDetailsService bean with name inMemoryUserDetailsManager
2026-05-27T09:50:21.295+08:00  INFO 53896 --- [main] o.s.b.w.embedded.tomcat.TomcatWebServer  : Tomcat started on port 8080 (http) with context path '/'
2026-05-27T09:50:21.307+08:00  INFO 53896 --- [main] c.hcteol.jwt.backend.BackendApplication  : Started BackendApplication in 13.614 seconds (process running for 14.251)
2026-05-27T10:05:45.240+08:00  INFO 53896 --- [http-nio-8080-exec-1] o.a.c.c.C.[Tomcat].[localhost].[/]       : Initializing Spring DispatcherServlet 'dispatcherServlet'
2026-05-27T10:05:45.241+08:00  INFO 53896 --- [http-nio-8080-exec-1] o.s.web.servlet.DispatcherServlet        : Initializing Servlet 'dispatcherServlet'
2026-05-27T10:05:45.242+08:00  INFO 53896 --- [http-nio-8080-exec-1] o.s.web.servlet.DispatcherServlet        : Completed initialization in 1 ms
2026-05-27T10:39:12.309+08:00 DEBUG 53896 --- [http-nio-8080-exec-5] c.h.j.b.services.MobileLoginService      : Updating MobileLogin 0h0m4gm2 - existing mobileNumber='88586491', new mobileNumber='88586491'
2026-05-27T10:39:12.311+08:00 DEBUG 53896 --- [http-nio-8080-exec-5] c.h.j.b.services.MobileLoginService      : Saved MobileLogin 0h0m4gm2 - mobileNumber='88586491'
2026-05-27T10:42:33.771+08:00 DEBUG 53896 --- [http-nio-8080-exec-8] c.h.j.b.services.MobileLoginService      : Updating MobileLogin 0h0m4gm2 - existing mobileNumber='88586491', new mobileNumber='88586491'
2026-05-27T10:42:33.772+08:00 DEBUG 53896 --- [http-nio-8080-exec-8] c.h.j.b.services.MobileLoginService      : Saved MobileLogin 0h0m4gm2 - mobileNumber='88586491'
2026-05-27T10:43:32.558+08:00 DEBUG 53896 --- [http-nio-8080-exec-3] c.h.j.b.services.MobileLoginService      : Updating MobileLogin 0h0m4gm2 - existing mobileNumber='88586491', new mobileNumber='88586491'
2026-05-27T10:43:32.559+08:00 DEBUG 53896 --- [http-nio-8080-exec-3] c.h.j.b.services.MobileLoginService      : Saved MobileLogin 0h0m4gm2 - mobileNumber='88586491'
2026-05-27T10:44:39.424+08:00 DEBUG 53896 --- [http-nio-8080-exec-2] c.h.j.b.services.MobileLoginService      : Updating MobileLogin 0h0m4gm2 - existing mobileNumber='88586491', new mobileNumber='88586491'
2026-05-27T10:44:39.424+08:00 DEBUG 53896 --- [http-nio-8080-exec-2] c.h.j.b.services.MobileLoginService      : Saved MobileLogin 0h0m4gm2 - mobileNumber='88586491'
2026-05-27T10:44:39.474+08:00 DEBUG 53896 --- [http-nio-8080-exec-8] c.h.j.b.services.MobileLoginService      : Updating MobileLogin 0h0m4gm2 - existing mobileNumber='88586491', new mobileNumber='88586491'
2026-05-27T10:44:39.475+08:00 DEBUG 53896 --- [http-nio-8080-exec-8] c.h.j.b.services.MobileLoginService      : Saved MobileLogin 0h0m4gm2 - mobileNumber='88586491'
2026-05-27T11:01:50.326+08:00  INFO 5952 --- [main] c.hcteol.jwt.backend.BackendApplication  : Starting BackendApplication using Java 21.0.8 with PID 5952 (C:\React\bmp\bmp_backend\target\classes started by sukasuka in C:\React\bmp\bmp_backend)
2026-05-27T11:01:50.328+08:00  INFO 5952 --- [main] c.hcteol.jwt.backend.BackendApplication  : No active profile set, falling back to 1 default profile: "default"
2026-05-27T11:01:51.134+08:00  INFO 5952 --- [main] .s.d.r.c.RepositoryConfigurationDelegate : Bootstrapping Spring Data JPA repositories in DEFAULT mode.
2026-05-27T11:01:51.315+08:00  INFO 5952 --- [main] .s.d.r.c.RepositoryConfigurationDelegate : Finished Spring Data repository scanning in 174 ms. Found 43 JPA repository interfaces.
2026-05-27T11:01:51.806+08:00  INFO 5952 --- [main] o.s.b.w.embedded.tomcat.TomcatWebServer  : Tomcat initialized with port 8080 (http)
2026-05-27T11:01:51.819+08:00  INFO 5952 --- [main] o.apache.catalina.core.StandardService   : Starting service [Tomcat]
2026-05-27T11:01:51.820+08:00  INFO 5952 --- [main] o.apache.catalina.core.StandardEngine    : Starting Servlet engine: [Apache Tomcat/10.1.42]
2026-05-27T11:01:51.888+08:00  INFO 5952 --- [main] o.a.c.c.C.[Tomcat].[localhost].[/]       : Initializing Spring embedded WebApplicationContext
2026-05-27T11:01:51.890+08:00  INFO 5952 --- [main] w.s.c.ServletWebServerApplicationContext : Root WebApplicationContext: initialization completed in 1526 ms
2026-05-27T11:01:52.029+08:00  INFO 5952 --- [main] o.hibernate.jpa.internal.util.LogHelper  : HHH000204: Processing PersistenceUnitInfo [name: default]
2026-05-27T11:01:52.094+08:00  INFO 5952 --- [main] org.hibernate.Version                    : HHH000412: Hibernate ORM core version 6.5.3.Final
2026-05-27T11:01:52.133+08:00  INFO 5952 --- [main] o.h.c.internal.RegionFactoryInitiator    : HHH000026: Second-level cache disabled
2026-05-27T11:01:52.432+08:00  INFO 5952 --- [main] o.s.o.j.p.SpringPersistenceUnitInfo      : No LoadTimeWeaver setup: ignoring JPA class transformer
2026-05-27T11:01:52.464+08:00  INFO 5952 --- [main] com.zaxxer.hikari.HikariDataSource       : HikariPool-1 - Starting...
2026-05-27T11:01:52.635+08:00  INFO 5952 --- [main] com.zaxxer.hikari.pool.HikariPool        : HikariPool-1 - Added connection org.postgresql.jdbc.PgConnection@53f495f0
2026-05-27T11:01:52.636+08:00  INFO 5952 --- [main] com.zaxxer.hikari.HikariDataSource       : HikariPool-1 - Start completed.
2026-05-27T11:01:52.672+08:00  WARN 5952 --- [main] org.hibernate.orm.deprecation            : HHH90000025: PostgreSQLDialect does not need to be specified explicitly using 'hibernate.dialect' (remove the property setting and it will be selected by default)
2026-05-27T11:01:54.148+08:00  INFO 5952 --- [main] o.h.e.t.j.p.i.JtaPlatformInitiator       : HHH000489: No JTA platform available (set 'hibernate.transaction.jta.platform' to enable JTA platform integration)
2026-05-27T11:01:54.260+08:00  INFO 5952 --- [main] j.LocalContainerEntityManagerFactoryBean : Initialized JPA EntityManagerFactory for persistence unit 'default'
2026-05-27T11:01:54.626+08:00  INFO 5952 --- [main] o.s.d.j.r.query.QueryEnhancerFactory     : Hibernate is in classpath; If applicable, HQL parser will be used.
2026-05-27T11:01:55.571+08:00  WARN 5952 --- [main] JpaBaseConfiguration$JpaWebConfiguration : spring.jpa.open-in-view is enabled by default. Therefore, database queries may be performed during view rendering. Explicitly configure spring.jpa.open-in-view to disable this warning
2026-05-27T11:01:55.587+08:00  WARN 5952 --- [main] .s.s.UserDetailsServiceAutoConfiguration : 

Using generated security password: d1142c7d-1db3-4231-82b8-27300b65b6e9

This generated password is for development use only. Your security configuration must be updated before running your application in production.

2026-05-27T11:01:55.594+08:00  INFO 5952 --- [main] r$InitializeUserDetailsManagerConfigurer : Global AuthenticationManager configured with UserDetailsService bean with name inMemoryUserDetailsManager
2026-05-27T11:01:56.037+08:00  INFO 5952 --- [main] o.s.b.w.embedded.tomcat.TomcatWebServer  : Tomcat started on port 8080 (http) with context path '/'
2026-05-27T11:01:56.042+08:00  INFO 5952 --- [main] c.hcteol.jwt.backend.BackendApplication  : Started BackendApplication in 6.073 seconds (process running for 6.46)
2026-05-27T11:03:05.417+08:00  INFO 5952 --- [http-nio-8080-exec-1] o.a.c.c.C.[Tomcat].[localhost].[/]       : Initializing Spring DispatcherServlet 'dispatcherServlet'
2026-05-27T11:03:05.418+08:00  INFO 5952 --- [http-nio-8080-exec-1] o.s.web.servlet.DispatcherServlet        : Initializing Servlet 'dispatcherServlet'
2026-05-27T11:03:05.420+08:00  INFO 5952 --- [http-nio-8080-exec-1] o.s.web.servlet.DispatcherServlet        : Completed initialization in 2 ms
2026-05-27T21:59:47.325+08:00  INFO 34972 --- [main] c.hcteol.jwt.backend.BackendApplication  : Starting BackendApplication using Java 21.0.8 with PID 34972 (C:\React\bmp\bmp_backend\target\classes started by sukasuka in C:\React\bmp\bmp_backend)
2026-05-27T21:59:47.328+08:00  INFO 34972 --- [main] c.hcteol.jwt.backend.BackendApplication  : No active profile set, falling back to 1 default profile: "default"
2026-05-27T21:59:49.018+08:00  INFO 34972 --- [main] .s.d.r.c.RepositoryConfigurationDelegate : Bootstrapping Spring Data JPA repositories in DEFAULT mode.
2026-05-27T21:59:49.321+08:00  INFO 34972 --- [main] .s.d.r.c.RepositoryConfigurationDelegate : Finished Spring Data repository scanning in 292 ms. Found 43 JPA repository interfaces.
2026-05-27T21:59:50.335+08:00  INFO 34972 --- [main] o.s.b.w.embedded.tomcat.TomcatWebServer  : Tomcat initialized with port 8080 (http)
2026-05-27T21:59:50.366+08:00  INFO 34972 --- [main] o.apache.catalina.core.StandardService   : Starting service [Tomcat]
2026-05-27T21:59:50.368+08:00  INFO 34972 --- [main] o.apache.catalina.core.StandardEngine    : Starting Servlet engine: [Apache Tomcat/10.1.42]
2026-05-27T21:59:50.495+08:00  INFO 34972 --- [main] o.a.c.c.C.[Tomcat].[localhost].[/]       : Initializing Spring embedded WebApplicationContext
2026-05-27T21:59:50.496+08:00  INFO 34972 --- [main] w.s.c.ServletWebServerApplicationContext : Root WebApplicationContext: initialization completed in 3086 ms
2026-05-27T21:59:50.740+08:00  INFO 34972 --- [main] o.hibernate.jpa.internal.util.LogHelper  : HHH000204: Processing PersistenceUnitInfo [name: default]
2026-05-27T21:59:50.888+08:00  INFO 34972 --- [main] org.hibernate.Version                    : HHH000412: Hibernate ORM core version 6.5.3.Final
2026-05-27T21:59:50.990+08:00  INFO 34972 --- [main] o.h.c.internal.RegionFactoryInitiator    : HHH000026: Second-level cache disabled
2026-05-27T21:59:51.516+08:00  INFO 34972 --- [main] o.s.o.j.p.SpringPersistenceUnitInfo      : No LoadTimeWeaver setup: ignoring JPA class transformer
2026-05-27T21:59:51.559+08:00  INFO 34972 --- [main] com.zaxxer.hikari.HikariDataSource       : HikariPool-1 - Starting...
2026-05-27T21:59:51.956+08:00  INFO 34972 --- [main] com.zaxxer.hikari.pool.HikariPool        : HikariPool-1 - Added connection org.postgresql.jdbc.PgConnection@46e388ec
2026-05-27T21:59:51.958+08:00  INFO 34972 --- [main] com.zaxxer.hikari.HikariDataSource       : HikariPool-1 - Start completed.
2026-05-27T21:59:52.044+08:00  WARN 34972 --- [main] org.hibernate.orm.deprecation            : HHH90000025: PostgreSQLDialect does not need to be specified explicitly using 'hibernate.dialect' (remove the property setting and it will be selected by default)
2026-05-27T21:59:54.173+08:00  INFO 34972 --- [main] o.h.e.t.j.p.i.JtaPlatformInitiator       : HHH000489: No JTA platform available (set 'hibernate.transaction.jta.platform' to enable JTA platform integration)
2026-05-27T21:59:54.278+08:00  INFO 34972 --- [main] j.LocalContainerEntityManagerFactoryBean : Initialized JPA EntityManagerFactory for persistence unit 'default'
2026-05-27T21:59:54.718+08:00  INFO 34972 --- [main] o.s.d.j.r.query.QueryEnhancerFactory     : Hibernate is in classpath; If applicable, HQL parser will be used.
2026-05-27T21:59:55.485+08:00  WARN 34972 --- [main] JpaBaseConfiguration$JpaWebConfiguration : spring.jpa.open-in-view is enabled by default. Therefore, database queries may be performed during view rendering. Explicitly configure spring.jpa.open-in-view to disable this warning
2026-05-27T21:59:55.497+08:00  WARN 34972 --- [main] .s.s.UserDetailsServiceAutoConfiguration : 

Using generated security password: 6027c041-48c0-4566-b093-b125cb8a3e56

This generated password is for development use only. Your security configuration must be updated before running your application in production.

2026-05-27T21:59:55.503+08:00  INFO 34972 --- [main] r$InitializeUserDetailsManagerConfigurer : Global AuthenticationManager configured with UserDetailsService bean with name inMemoryUserDetailsManager
2026-05-27T21:59:56.000+08:00  INFO 34972 --- [main] o.s.b.w.embedded.tomcat.TomcatWebServer  : Tomcat started on port 8080 (http) with context path '/'
2026-05-27T21:59:56.006+08:00  INFO 34972 --- [main] c.hcteol.jwt.backend.BackendApplication  : Started BackendApplication in 9.388 seconds (process running for 10.002)
2026-05-27T22:27:49.045+08:00  INFO 34972 --- [http-nio-8080-exec-1] o.a.c.c.C.[Tomcat].[localhost].[/]       : Initializing Spring DispatcherServlet 'dispatcherServlet'
2026-05-27T22:27:49.047+08:00  INFO 34972 --- [http-nio-8080-exec-1] o.s.web.servlet.DispatcherServlet        : Initializing Servlet 'dispatcherServlet'
2026-05-27T22:27:49.057+08:00  INFO 34972 --- [http-nio-8080-exec-1] o.s.web.servlet.DispatcherServlet        : Completed initialization in 9 ms
2026-05-27T22:29:49.876+08:00  WARN 34972 --- [http-nio-8080-exec-3] .w.s.m.s.DefaultHandlerExceptionResolver : Resolved [org.springframework.web.HttpRequestMethodNotSupportedException: Request method 'POST' is not supported]
2026-05-27T22:30:11.368+08:00  WARN 34972 --- [http-nio-8080-exec-5] .w.s.m.s.DefaultHandlerExceptionResolver : Resolved [org.springframework.web.HttpRequestMethodNotSupportedException: Request method 'POST' is not supported]
2026-05-27T22:33:18.731+08:00  WARN 34972 --- [http-nio-8080-exec-10] .w.s.m.s.DefaultHandlerExceptionResolver : Resolved [org.springframework.web.HttpRequestMethodNotSupportedException: Request method 'POST' is not supported]
2026-05-27T22:36:29.608+08:00  WARN 34972 --- [http-nio-8080-exec-10] .w.s.m.s.DefaultHandlerExceptionResolver : Resolved [org.springframework.web.HttpRequestMethodNotSupportedException: Request method 'POST' is not supported]
2026-05-27T22:36:56.074+08:00  INFO 34972 --- [SpringApplicationShutdownHook] j.LocalContainerEntityManagerFactoryBean : Closing JPA EntityManagerFactory for persistence unit 'default'
2026-05-27T22:36:56.077+08:00  INFO 34972 --- [SpringApplicationShutdownHook] com.zaxxer.hikari.HikariDataSource       : HikariPool-1 - Shutdown initiated...
2026-05-27T22:36:56.083+08:00  INFO 34972 --- [SpringApplicationShutdownHook] com.zaxxer.hikari.HikariDataSource       : HikariPool-1 - Shutdown completed.
2026-05-27T22:37:15.536+08:00  INFO 9644 --- [main] c.hcteol.jwt.backend.BackendApplication  : Starting BackendApplication using Java 21.0.8 with PID 9644 (C:\React\bmp\bmp_backend\target\classes started by sukasuka in C:\React\bmp\bmp_backend)
2026-05-27T22:37:15.539+08:00  INFO 9644 --- [main] c.hcteol.jwt.backend.BackendApplication  : No active profile set, falling back to 1 default profile: "default"
2026-05-27T22:37:16.603+08:00  INFO 9644 --- [main] .s.d.r.c.RepositoryConfigurationDelegate : Bootstrapping Spring Data JPA repositories in DEFAULT mode.
2026-05-27T22:37:16.833+08:00  INFO 9644 --- [main] .s.d.r.c.RepositoryConfigurationDelegate : Finished Spring Data repository scanning in 222 ms. Found 43 JPA repository interfaces.
2026-05-27T22:37:17.459+08:00  INFO 9644 --- [main] o.s.b.w.embedded.tomcat.TomcatWebServer  : Tomcat initialized with port 8080 (http)
2026-05-27T22:37:17.481+08:00  INFO 9644 --- [main] o.apache.catalina.core.StandardService   : Starting service [Tomcat]
2026-05-27T22:37:17.481+08:00  INFO 9644 --- [main] o.apache.catalina.core.StandardEngine    : Starting Servlet engine: [Apache Tomcat/10.1.42]
2026-05-27T22:37:17.551+08:00  INFO 9644 --- [main] o.a.c.c.C.[Tomcat].[localhost].[/]       : Initializing Spring embedded WebApplicationContext
2026-05-27T22:37:17.551+08:00  INFO 9644 --- [main] w.s.c.ServletWebServerApplicationContext : Root WebApplicationContext: initialization completed in 1963 ms
2026-05-27T22:37:17.777+08:00  INFO 9644 --- [main] o.hibernate.jpa.internal.util.LogHelper  : HHH000204: Processing PersistenceUnitInfo [name: default]
2026-05-27T22:37:17.899+08:00  INFO 9644 --- [main] org.hibernate.Version                    : HHH000412: Hibernate ORM core version 6.5.3.Final
2026-05-27T22:37:17.963+08:00  INFO 9644 --- [main] o.h.c.internal.RegionFactoryInitiator    : HHH000026: Second-level cache disabled
2026-05-27T22:37:18.645+08:00  INFO 9644 --- [main] o.s.o.j.p.SpringPersistenceUnitInfo      : No LoadTimeWeaver setup: ignoring JPA class transformer
2026-05-27T22:37:18.696+08:00  INFO 9644 --- [main] com.zaxxer.hikari.HikariDataSource       : HikariPool-1 - Starting...
2026-05-27T22:37:18.908+08:00  INFO 9644 --- [main] com.zaxxer.hikari.pool.HikariPool        : HikariPool-1 - Added connection org.postgresql.jdbc.PgConnection@46e388ec
2026-05-27T22:37:18.912+08:00  INFO 9644 --- [main] com.zaxxer.hikari.HikariDataSource       : HikariPool-1 - Start completed.
2026-05-27T22:37:18.967+08:00  WARN 9644 --- [main] org.hibernate.orm.deprecation            : HHH90000025: PostgreSQLDialect does not need to be specified explicitly using 'hibernate.dialect' (remove the property setting and it will be selected by default)
2026-05-27T22:37:20.717+08:00  INFO 9644 --- [main] o.h.e.t.j.p.i.JtaPlatformInitiator       : HHH000489: No JTA platform available (set 'hibernate.transaction.jta.platform' to enable JTA platform integration)
2026-05-27T22:37:20.810+08:00  INFO 9644 --- [main] j.LocalContainerEntityManagerFactoryBean : Initialized JPA EntityManagerFactory for persistence unit 'default'
2026-05-27T22:37:21.145+08:00  INFO 9644 --- [main] o.s.d.j.r.query.QueryEnhancerFactory     : Hibernate is in classpath; If applicable, HQL parser will be used.
2026-05-27T22:37:22.023+08:00  WARN 9644 --- [main] JpaBaseConfiguration$JpaWebConfiguration : spring.jpa.open-in-view is enabled by default. Therefore, database queries may be performed during view rendering. Explicitly configure spring.jpa.open-in-view to disable this warning
2026-05-27T22:37:22.038+08:00  WARN 9644 --- [main] .s.s.UserDetailsServiceAutoConfiguration : 

Using generated security password: b176cd34-85f6-47d4-a992-73f169857406

This generated password is for development use only. Your security configuration must be updated before running your application in production.

2026-05-27T22:37:22.048+08:00  INFO 9644 --- [main] r$InitializeUserDetailsManagerConfigurer : Global AuthenticationManager configured with UserDetailsService bean with name inMemoryUserDetailsManager
2026-05-27T22:37:22.539+08:00  INFO 9644 --- [main] o.s.b.w.embedded.tomcat.TomcatWebServer  : Tomcat started on port 8080 (http) with context path '/'
2026-05-27T22:37:22.548+08:00  INFO 9644 --- [main] c.hcteol.jwt.backend.BackendApplication  : Started BackendApplication in 7.531 seconds (process running for 7.869)
2026-05-27T22:37:30.117+08:00  INFO 9644 --- [http-nio-8080-exec-1] o.a.c.c.C.[Tomcat].[localhost].[/]       : Initializing Spring DispatcherServlet 'dispatcherServlet'
2026-05-27T22:37:30.120+08:00  INFO 9644 --- [http-nio-8080-exec-1] o.s.web.servlet.DispatcherServlet        : Initializing Servlet 'dispatcherServlet'
2026-05-27T22:37:30.125+08:00  INFO 9644 --- [http-nio-8080-exec-1] o.s.web.servlet.DispatcherServlet        : Completed initialization in 4 ms
2026-05-27T22:40:36.422+08:00 DEBUG 9644 --- [http-nio-8080-exec-9] c.h.j.b.services.MobileLoginService      : Updating MobileLogin 07EB25B1236746E9A008E582CE37AF9D - existing mobileNumber='88709296', new mobileNumber='88709296'
2026-05-27T22:40:36.423+08:00 DEBUG 9644 --- [http-nio-8080-exec-9] c.h.j.b.services.MobileLoginService      : Saved MobileLogin 07EB25B1236746E9A008E582CE37AF9D - mobileNumber='88709296'
